
[1m[46m RUN [49m[22m [36mv4.0.18 [39m[90mC:/repos/projeto-condstore[39m

[90mstdout[2m | src/app/api/webhook/__tests__/webhook.hardening.test.ts[2m > [22m[2mPOST /api/webhook ÔÇö webhook hardening[2m > [22m[2mreturns 200 empty TwiML for duplicate webhook_events (persistent idempotency)
[22m[39m{"timestamp":"2026-03-05T22:57:05.601Z","level":"INFO","message":"webhook_request_start","context":{"requestId":"8f3980a2-9791-4210-9f5d-bc929424b246","method":"POST","path":"/api/webhook"}}

[90mstdout[2m | src/app/api/webhook/__tests__/webhook.hardening.test.ts[2m > [22m[2mPOST /api/webhook ÔÇö webhook hardening[2m > [22m[2mreturns 200 empty TwiML for duplicate webhook_events (persistent idempotency)
[22m[39m{"timestamp":"2026-03-05T22:57:05.603Z","level":"INFO","message":"webhook_payload_received","context":{"requestId":"8f3980a2-9791-4210-9f5d-bc929424b246","hasSid":true,"hasTo":true}}

[90mstdout[2m | src/app/api/webhook/__tests__/webhook.hardening.test.ts[2m > [22m[2mPOST /api/webhook ÔÇö webhook hardening[2m > [22m[2minserts webhook_event and publishes to event bus on valid request
[22m[39m{"timestamp":"2026-03-05T22:57:05.610Z","level":"INFO","message":"webhook_request_start","context":{"requestId":"0de4405a-4101-4812-980c-1c9e47fcad32","method":"POST","path":"/api/webhook"}}

[90mstdout[2m | src/app/api/webhook/__tests__/webhook.hardening.test.ts[2m > [22m[2mPOST /api/webhook ÔÇö webhook hardening[2m > [22m[2minserts webhook_event and publishes to event bus on valid request
[22m[39m{"timestamp":"2026-03-05T22:57:05.610Z","level":"INFO","message":"webhook_payload_received","context":{"requestId":"0de4405a-4101-4812-980c-1c9e47fcad32","hasSid":true,"hasTo":true}}

[90mstdout[2m | src/app/api/webhook/__tests__/webhook.hardening.test.ts[2m > [22m[2mPOST /api/webhook ÔÇö webhook hardening[2m > [22m[2minserts webhook_event and publishes to event bus on valid request
[22m[39m{"timestamp":"2026-03-05T22:57:05.612Z","level":"INFO","message":"Webhook processed","context":{"event":"webhook_processed","tenantId":"tenant-1","phoneHash":"[REDACTED]","providerEventId":"SM456","intent":"UNKNOWN","confidence":0,"state":"handled","responseType":"twiml_ok","latencyMs":2}}

[90mstdout[2m | src/app/api/webhook/__tests__/webhook.hardening.test.ts[2m > [22m[2mPOST /api/webhook ÔÇö webhook hardening[2m > [22m[2minserts webhook_event and publishes to event bus on valid request
[22m[39m{"timestamp":"2026-03-05T22:57:05.720Z","level":"INFO","message":"webhook_request_end","context":{"requestId":"0de4405a-4101-4812-980c-1c9e47fcad32","status":200,"latencyMs":110,"tenantId":"tenant-1"}}

[90mstdout[2m | src/app/api/webhook/__tests__/webhook.hardening.test.ts[2m > [22m[2mPOST /api/webhook ÔÇö webhook hardening[2m > [22m[2mmarks webhook event as failed when processing throws
[22m[39m{"timestamp":"2026-03-05T22:57:05.892Z","level":"INFO","message":"webhook_request_start","context":{"requestId":"557088c3-73c1-457c-bdde-ca0467f13ad2","method":"POST","path":"/api/webhook"}}

[90mstdout[2m | src/app/api/webhook/__tests__/webhook.hardening.test.ts[2m > [22m[2mPOST /api/webhook ÔÇö webhook hardening[2m > [22m[2mmarks webhook event as failed when processing throws
[22m[39m{"timestamp":"2026-03-05T22:57:05.892Z","level":"INFO","message":"webhook_payload_received","context":{"requestId":"557088c3-73c1-457c-bdde-ca0467f13ad2","hasSid":true,"hasTo":true}}

[90mstdout[2m | src/app/api/webhook/__tests__/webhook.hardening.test.ts[2m > [22m[2mPOST /api/webhook ÔÇö webhook hardening[2m > [22m[2mmarks webhook event as failed when processing throws
[22m[39m{"timestamp":"2026-03-05T22:57:05.894Z","level":"INFO","message":"webhook_request_end","context":{"requestId":"557088c3-73c1-457c-bdde-ca0467f13ad2","status":200,"latencyMs":1}}
stderr | src/app/api/webhook/__tests__/webhook.hardening.test.ts > POST /api/webhook ÔÇö webhook hardening > marks webhook event as failed when processing throws
{"timestamp":"2026-03-05T22:57:05.894Z","level":"ERROR","message":"Webhook processing failed","context":{"event":"webhook_error","latencyMs":1,"requestId":"557088c3-73c1-457c-bdde-ca0467f13ad2","messageSid":"[REDACTED]","hasBody":"[REDACTED]"},"error":{"name":"Error","message":"boom"}}
WEBHOOK_ERROR: Error: boom
    at C:/repos/projeto-condstore/src/app/api/webhook/__tests__/webhook.hardening.test.ts:260:32
    at file:///C:/repos/projeto-condstore/node_modules/@vitest/runner/dist/index.js:145:11
    at file:///C:/repos/projeto-condstore/node_modules/@vitest/runner/dist/index.js:915:26
    at file:///C:/repos/projeto-condstore/node_modules/@vitest/runner/dist/index.js:1243:20
    at new Promise (<anonymous>)
    at runWithTimeout (file:///C:/repos/projeto-condstore/node_modules/@vitest/runner/dist/index.js:1209:10)
    at file:///C:/repos/projeto-condstore/node_modules/@vitest/runner/dist/index.js:1653:37
    at Traces.$ (file:///C:/repos/projeto-condstore/node_modules/vitest/dist/chunks/traces.CCmnQaNT.js:142:27)
    at trace (file:///C:/repos/projeto-condstore/node_modules/vitest/dist/chunks/test.B8ej_ZHS.js:239:21)
    at runTest (file:///C:/repos/projeto-condstore/node_modules/@vitest/runner/dist/index.js:1653:12)


[90mstdout[2m | src/app/api/webhook/__tests__/webhook.hardening.test.ts[2m > [22m[2mPOST /api/webhook ÔÇö webhook hardening[2m > [22m[2mreturns 200 with fallback message if the distributed lock is already held
[22m[39m{"timestamp":"2026-03-05T22:57:05.906Z","level":"INFO","message":"webhook_request_start","context":{"requestId":"dda66548-386d-4653-91d3-942137e90e3f","method":"POST","path":"/api/webhook"}}

[90mstdout[2m | src/app/api/webhook/__tests__/webhook.hardening.test.ts[2m > [22m[2mPOST /api/webhook ÔÇö webhook hardening[2m > [22m[2mreturns 200 with fallback message if the distributed lock is already held
[22m[39m{"timestamp":"2026-03-05T22:57:05.907Z","level":"INFO","message":"webhook_payload_received","context":{"requestId":"dda66548-386d-4653-91d3-942137e90e3f","hasSid":true,"hasTo":true}}

stderr | src/app/api/webhook/__tests__/webhook.hardening.test.ts > POST /api/webhook ÔÇö webhook hardening > returns 200 with fallback message if the distributed lock is already held
{"timestamp":"2026-03-05T22:57:05.907Z","level":"ERROR","message":"Webhook processing failed","context":{"event":"webhook_error","latencyMs":1,"requestId":"dda66548-386d-4653-91d3-942137e90e3f","messageSid":"[REDACTED]","hasBody":"[REDACTED]"},"error":{"name":"LockAcquisitionError","message":"Failed to acquire distributed lock for key: lock:webhook:twilio:SM456"}}
WEBHOOK_ERROR: LockAcquisitionError: Failed to acquire distributed lock for key: lock:webhook:twilio:SM456
    at withDistributedLock (C:/repos/projeto-condstore/src/lib/infra/locks.ts:25:15)
    at Module.POST (C:/repos/projeto-condstore/src/app/api/webhook/route.ts:252:12)
    at C:/repos/projeto-condstore/src/app/api/webhook/__tests__/webhook.hardening.test.ts:273:21
    at file:///C:/repos/projeto-condstore/node_modules/@vitest/runner/dist/index.js:915:20

[90mstdout[2m | src/app/api/webhook/__tests__/webhook.hardening.test.ts[2m > [22m[2mPOST /api/webhook ÔÇö webhook hardening[2m > [22m[2mreturns 200 with fallback message if the distributed lock is already held
[22m[39m{"timestamp":"2026-03-05T22:57:05.908Z","level":"INFO","message":"webhook_request_end","context":{"requestId":"dda66548-386d-4653-91d3-942137e90e3f","status":200,"latencyMs":1}}

[90mstdout[2m | src/app/api/webhook/__tests__/webhook.hardening.test.ts[2m > [22m[2mPOST /api/webhook ÔÇö webhook hardening[2m > [22m[2mreturns 401 for invalid Twilio signature
[22m[39m{"timestamp":"2026-03-05T22:57:05.912Z","level":"INFO","message":"webhook_request_start","context":{"requestId":"0a58193a-68d8-4103-84e0-d0645a55d716","method":"POST","path":"/api/webhook"}}

[90mstdout[2m | src/app/api/webhook/__tests__/webhook.hardening.test.ts[2m > [22m[2mPOST /api/webhook ÔÇö webhook hardening[2m > [22m[2mreturns 401 for invalid Twilio signature
[22m[39m{"timestamp":"2026-03-05T22:57:05.912Z","level":"INFO","message":"webhook_payload_received","context":{"requestId":"0a58193a-68d8-4103-84e0-d0645a55d716","hasSid":true,"hasTo":true}}

stderr | src/app/api/webhook/__tests__/webhook.hardening.test.ts > POST /api/webhook ÔÇö webhook hardening > returns 401 for invalid Twilio signature
{"timestamp":"2026-03-05T22:57:05.913Z","level":"WARN","message":"Webhook rejected: invalid or missing Twilio signature","context":{"event":"webhook_invalid_signature","requestId":"0a58193a-68d8-4103-84e0-d0645a55d716","messageSid":"[REDACTED]","hasBody":"[REDACTED]"}}

[90mstdout[2m | src/app/api/webhook/__tests__/webhook.hardening.test.ts[2m > [22m[2mPOST /api/webhook ÔÇö webhook hardening[2m > [22m[2mreturns 403 when x-twilio-timestamp has extreme clock drift (>15min)
[22m[39m{"timestamp":"2026-03-05T22:57:05.914Z","level":"INFO","message":"webhook_request_start","context":{"requestId":"c601dddd-f63f-4e97-845e-d6b55d1d3ec0","method":"POST","path":"/api/webhook"}}

[90mstdout[2m | src/app/api/webhook/__tests__/webhook.hardening.test.ts[2m > [22m[2mPOST /api/webhook ÔÇö webhook hardening[2m > [22m[2mreturns 403 when x-twilio-timestamp has extreme clock drift (>15min)
[22m[39m{"timestamp":"2026-03-05T22:57:05.914Z","level":"INFO","message":"webhook_payload_received","context":{"requestId":"c601dddd-f63f-4e97-845e-d6b55d1d3ec0","hasSid":true,"hasTo":true}}

[90mstdout[2m | src/app/api/webhook/__tests__/webhook.hardening.test.ts[2m > [22m[2mPOST /api/webhook ÔÇö webhook hardening[2m > [22m[2mallows request when x-twilio-timestamp is within acceptable drift
[22m[39m{"timestamp":"2026-03-05T22:57:05.916Z","level":"INFO","message":"webhook_request_start","context":{"requestId":"64b3dfb4-9b0f-40ca-b009-414c6ddc8459","method":"POST","path":"/api/webhook"}}

[90mstdout[2m | src/app/api/webhook/__tests__/webhook.hardening.test.ts[2m > [22m[2mPOST /api/webhook ÔÇö webhook hardening[2m > [22m[2mallows request when x-twilio-timestamp is within acceptable drift
[22m[39m{"timestamp":"2026-03-05T22:57:05.916Z","level":"INFO","message":"webhook_payload_received","context":{"requestId":"64b3dfb4-9b0f-40ca-b009-414c6ddc8459","hasSid":true,"hasTo":true}}

[90mstdout[2m | src/app/api/webhook/__tests__/webhook.hardening.test.ts[2m > [22m[2mPOST /api/webhook ÔÇö webhook hardening[2m > [22m[2mallows request when x-twilio-timestamp is within acceptable drift
[22m[39m{"timestamp":"2026-03-05T22:57:05.916Z","level":"INFO","message":"webhook_request_end","context":{"requestId":"64b3dfb4-9b0f-40ca-b009-414c6ddc8459","status":200,"latencyMs":0}}

stderr | src/app/api/webhook/__tests__/webhook.hardening.test.ts > POST /api/webhook ÔÇö webhook hardening > allows request when x-twilio-timestamp is within acceptable drift
{"timestamp":"2026-03-05T22:57:05.916Z","level":"ERROR","message":"Webhook processing failed","context":{"event":"webhook_error","latencyMs":0,"requestId":"64b3dfb4-9b0f-40ca-b009-414c6ddc8459","messageSid":"[REDACTED]","hasBody":"[REDACTED]"},"error":{"name":"LockAcquisitionError","message":"Failed to acquire distributed lock for key: lock:webhook:twilio:SM456"}}
WEBHOOK_ERROR: LockAcquisitionError: Failed to acquire distributed lock for key: lock:webhook:twilio:SM456
    at withDistributedLock (C:/repos/projeto-condstore/src/lib/infra/locks.ts:25:15)
    at Module.POST (C:/repos/projeto-condstore/src/app/api/webhook/route.ts:252:12)
    at C:/repos/projeto-condstore/src/app/api/webhook/__tests__/webhook.hardening.test.ts:314:21
    at file:///C:/repos/projeto-condstore/node_modules/@vitest/runner/dist/index.js:915:20

[90mstdout[2m | src/app/api/webhook/__tests__/webhook.hardening.test.ts[2m > [22m[2mPOST /api/webhook ÔÇö webhook hardening[2m > [22m[2mreturns 200 even when event bus publish fails (non-blocking)
[22m[39m{"timestamp":"2026-03-05T22:57:05.919Z","level":"INFO","message":"webhook_request_start","context":{"requestId":"a0e495d1-8d12-41f8-a46c-b9ed9eccfef3","method":"POST","path":"/api/webhook"}}

[90mstdout[2m | src/app/api/webhook/__tests__/webhook.hardening.test.ts[2m > [22m[2mPOST /api/webhook ÔÇö webhook hardening[2m > [22m[2mreturns 200 even when event bus publish fails (non-blocking)
[22m[39m{"timestamp":"2026-03-05T22:57:05.919Z","level":"INFO","message":"webhook_payload_received","context":{"requestId":"a0e495d1-8d12-41f8-a46c-b9ed9eccfef3","hasSid":true,"hasTo":true}}

[90mstdout[2m | src/app/api/webhook/__tests__/webhook.hardening.test.ts[2m > [22m[2mPOST /api/webhook ÔÇö webhook hardening[2m > [22m[2mreturns 200 even when event bus publish fails (non-blocking)
[22m[39m{"timestamp":"2026-03-05T22:57:05.919Z","level":"INFO","message":"webhook_request_end","context":{"requestId":"a0e495d1-8d12-41f8-a46c-b9ed9eccfef3","status":200,"latencyMs":1}}

stderr | src/app/api/webhook/__tests__/webhook.hardening.test.ts > POST /api/webhook ÔÇö webhook hardening > returns 200 even when event bus publish fails (non-blocking)
{"timestamp":"2026-03-05T22:57:05.919Z","level":"ERROR","message":"Webhook processing failed","context":{"event":"webhook_error","latencyMs":1,"requestId":"a0e495d1-8d12-41f8-a46c-b9ed9eccfef3","messageSid":"[REDACTED]","hasBody":"[REDACTED]"},"error":{"name":"LockAcquisitionError","message":"Failed to acquire distributed lock for key: lock:webhook:twilio:SM456"}}
WEBHOOK_ERROR: LockAcquisitionError: Failed to acquire distributed lock for key: lock:webhook:twilio:SM456
    at withDistributedLock (C:/repos/projeto-condstore/src/lib/infra/locks.ts:25:15)
    at Module.POST (C:/repos/projeto-condstore/src/app/api/webhook/route.ts:252:12)
    at C:/repos/projeto-condstore/src/app/api/webhook/__tests__/webhook.hardening.test.ts:328:21
    at file:///C:/repos/projeto-condstore/node_modules/@vitest/runner/dist/index.js:915:20

[90mstdout[2m | src/app/api/webhook/__tests__/webhook.hardening.test.ts[2m > [22m[2mPOST /api/webhook ÔÇö webhook hardening[2m > [22m[2mdeduplicates on webhook_events before reaching inbound dedup
[22m[39m{"timestamp":"2026-03-05T22:57:05.925Z","level":"INFO","message":"webhook_request_start","context":{"requestId":"c0ccc5ba-4f8b-459c-9e0f-3711895e4207","method":"POST","path":"/api/webhook"}}

[90mstdout[2m | src/app/api/webhook/__tests__/webhook.hardening.test.ts[2m > [22m[2mPOST /api/webhook ÔÇö webhook hardening[2m > [22m[2mdeduplicates on webhook_events before reaching inbound dedup
[22m[39m{"timestamp":"2026-03-05T22:57:05.925Z","level":"INFO","message":"webhook_payload_received","context":{"requestId":"c0ccc5ba-4f8b-459c-9e0f-3711895e4207","hasSid":true,"hasTo":true}}

stderr | src/app/api/webhook/__tests__/webhook.hardening.test.ts > POST /api/webhook ÔÇö webhook hardening > deduplicates on webhook_events before reaching inbound dedup
{"timestamp":"2026-03-05T22:57:05.926Z","level":"ERROR","message":"Webhook processing failed","context":{"event":"webhook_error","latencyMs":1,"requestId":"c0ccc5ba-4f8b-459c-9e0f-3711895e4207","messageSid":"[REDACTED]","hasBody":"[REDACTED]"},"error":{"name":"LockAcquisitionError","message":"Failed to acquire distributed lock for key: lock:webhook:twilio:SM456"}}
WEBHOOK_ERROR: LockAcquisitionError: Failed to acquire distributed lock for key: lock:webhook:twilio:SM456
    at withDistributedLock (C:/repos/projeto-condstore/src/lib/infra/locks.ts:25:15)
    at Module.POST (C:/repos/projeto-condstore/src/app/api/webhook/route.ts:252:12)
    at C:/repos/projeto-condstore/src/app/api/webhook/__tests__/webhook.hardening.test.ts:347:23
    at file:///C:/repos/projeto-condstore/node_modules/@vitest/runner/dist/index.js:915:20

[90mstdout[2m | src/app/api/webhook/__tests__/webhook.hardening.test.ts[2m > [22m[2mPOST /api/webhook ÔÇö webhook hardening[2m > [22m[2mdeduplicates on webhook_events before reaching inbound dedup
[22m[39m{"timestamp":"2026-03-05T22:57:05.926Z","level":"INFO","message":"webhook_request_end","context":{"requestId":"c0ccc5ba-4f8b-459c-9e0f-3711895e4207","status":200,"latencyMs":1}}

[90mstdout[2m | src/app/api/webhook/__tests__/webhook.hardening.test.ts[2m > [22m[2mPOST /api/webhook ÔÇö webhook hardening[2m > [22m[2mdeduplicates on webhook_events before reaching inbound dedup
[22m[39m{"timestamp":"2026-03-05T22:57:05.928Z","level":"INFO","message":"webhook_request_start","context":{"requestId":"12cb4469-521f-42c2-b880-9412fb56aeae","method":"POST","path":"/api/webhook"}}

[90mstdout[2m | src/app/api/webhook/__tests__/webhook.hardening.test.ts[2m > [22m[2mPOST /api/webhook ÔÇö webhook hardening[2m > [22m[2mdeduplicates on webhook_events before reaching inbound dedup
[22m[39m{"timestamp":"2026-03-05T22:57:05.928Z","level":"INFO","message":"webhook_payload_received","context":{"requestId":"12cb4469-521f-42c2-b880-9412fb56aeae","hasSid":true,"hasTo":true}}

[90mstdout[2m | src/app/api/webhook/__tests__/webhook.hardening.test.ts[2m > [22m[2mPOST /api/webhook ÔÇö webhook hardening[2m > [22m[2mblocks ingestion and returns transactional phrase when consent is missing
[22m[39m{"timestamp":"2026-03-05T22:57:05.931Z","level":"INFO","message":"webhook_request_start","context":{"requestId":"cfdf0b4d-075a-479b-b36b-a4d01e43c5d3","method":"POST","path":"/api/webhook"}}

[90mstdout[2m | src/app/api/webhook/__tests__/webhook.hardening.test.ts[2m > [22m[2mPOST /api/webhook ÔÇö webhook hardening[2m > [22m[2mblocks ingestion and returns transactional phrase when consent is missing
[22m[39m{"timestamp":"2026-03-05T22:57:05.931Z","level":"INFO","message":"webhook_payload_received","context":{"requestId":"cfdf0b4d-075a-479b-b36b-a4d01e43c5d3","hasSid":true,"hasTo":true}}

stderr | src/app/api/webhook/__tests__/webhook.hardening.test.ts > POST /api/webhook ÔÇö webhook hardening > blocks ingestion and returns transactional phrase when consent is missing
{"timestamp":"2026-03-05T22:57:05.932Z","level":"ERROR","message":"Webhook processing failed","context":{"event":"webhook_error","latencyMs":0,"requestId":"cfdf0b4d-075a-479b-b36b-a4d01e43c5d3","messageSid":"[REDACTED]","hasBody":"[REDACTED]"},"error":{"name":"LockAcquisitionError","message":"Failed to acquire distributed lock for key: lock:webhook:twilio:SM456"}}
WEBHOOK_ERROR: LockAcquisitionError: Failed to acquire distributed lock for key: lock:webhook:twilio:SM456
    at withDistributedLock (C:/repos/projeto-condstore/src/lib/infra/locks.ts:25:15)
    at Module.POST (C:/repos/projeto-condstore/src/app/api/webhook/route.ts:252:12)
    at C:/repos/projeto-condstore/src/app/api/webhook/__tests__/webhook.hardening.test.ts:361:21
[90mstdout[2m | src/app/api/webhook/__tests__/webhook.hardening.test.ts[2m > [22m[2mPOST /api/webhook ÔÇö webhook hardening[2m > [22m[2mblocks ingestion and returns transactional phrase when consent is missing
[22m[39m{"timestamp":"2026-03-05T22:57:05.932Z","level":"INFO","message":"webhook_request_end","context":{"requestId":"cfdf0b4d-075a-479b-b36b-a4d01e43c5d3","status":200,"latencyMs":0}}

[90mstdout[2m | src/app/api/webhook/__tests__/webhook.hardening.test.ts[2m > [22m[2mPOST /api/webhook ÔÇö webhook hardening[2m > [22m[2mrecords opt-in when user answers 'sim' to unconsented block
[22m[39m{"timestamp":"2026-03-05T22:57:05.944Z","level":"INFO","message":"webhook_request_start","context":{"requestId":"0fcea8fe-936a-469f-9947-55e82ba85ff3","method":"POST","path":"/api/webhook"}}

[90mstdout[2m | src/app/api/webhook/__tests__/webhook.hardening.test.ts[2m > [22m[2mPOST /api/webhook ÔÇö webhook hardening[2m > [22m[2mrecords opt-in when user answers 'sim' to unconsented block
[22m[39m{"timestamp":"2026-03-05T22:57:05.945Z","level":"INFO","message":"webhook_payload_received","context":{"requestId":"0fcea8fe-936a-469f-9947-55e82ba85ff3","hasSid":true,"hasTo":true}}

[90mstdout[2m | src/app/api/webhook/__tests__/webhook.hardening.test.ts[2m > [22m[2mPOST /api/webhook ÔÇö webhook hardening[2m > [22m[2mrecords opt-in when user answers 'sim' to unconsented block
    at file:///C:/repos/projeto-condstore/node_modules/@vitest/runner/dist/index.js:915:20

stderr | src/app/api/webhook/__tests__/webhook.hardening.test.ts > POST /api/webhook ÔÇö webhook hardening > records opt-in when user answers 'sim' to unconsented block
{"timestamp":"2026-03-05T22:57:05.945Z","level":"ERROR","message":"Webhook processing failed","context":{"event":"webhook_error","latencyMs":1,"requestId":"0fcea8fe-936a-469f-9947-55e82ba85ff3","messageSid":"[REDACTED]","hasBody":"[REDACTED]"},"error":{"name":"LockAcquisitionError","message":"Failed to acquire distributed lock for key: lock:webhook:twilio:SM456"}}
WEBHOOK_ERROR: LockAcquisitionError: Failed to acquire distributed lock for key: lock:webhook:twilio:SM456
    at withDistributedLock (C:/repos/projeto-condstore/src/lib/infra/locks.ts:25:15)
    at Module.POST (C:/repos/projeto-condstore/src/app/api/webhook/route.ts:252:12)
    at C:/repos/projeto-condstore/src/app/api/webhook/__tests__/webhook.hardening.test.ts:379:21
    at file:///C:/repos/projeto-condstore/node_modules/@vitest/runner/dist/index.js:915:20

[22m[39m{"timestamp":"2026-03-05T22:57:05.945Z","level":"INFO","message":"webhook_request_end","context":{"requestId":"0fcea8fe-936a-469f-9947-55e82ba85ff3","status":200,"latencyMs":1}}

 [31mÔØ»[39m src/app/api/webhook/__tests__/webhook.hardening.test.ts [2m([22m[2m11 tests[22m[2m | [22m[31m4 failed[39m[2m)[22m[33m 353[2mms[22m[39m
     [32mÔ£ô[39m returns 200 empty TwiML for duplicate webhook_events (persistent idempotency)[32m 14[2mms[22m[39m
     [32mÔ£ô[39m inserts webhook_event and publishes to event bus on valid request[32m 282[2mms[22m[39m
     [32mÔ£ô[39m marks webhook event as failed when processing throws[32m 14[2mms[22m[39m
     [32mÔ£ô[39m returns 200 with fallback message if the distributed lock is already held[32m 6[2mms[22m[39m
     [32mÔ£ô[39m returns 401 for invalid Twilio signature[32m 2[2mms[22m[39m
     [32mÔ£ô[39m returns 403 when x-twilio-timestamp has extreme clock drift (>15min)[32m 2[2mms[22m[39m
     [32mÔ£ô[39m allows request when x-twilio-timestamp is within acceptable drift[32m 3[2mms[22m[39m
[31m     [31m├ù[31m returns 200 even when event bus publish fails (non-blocking)[39m[32m 6[2mms[22m[39m
[31m     [31m├ù[31m deduplicates on webhook_events before reaching inbound dedup[39m[32m 6[2mms[22m[39m
[31m     [31m├ù[31m blocks ingestion and returns transactional phrase when consent is missing[39m[32m 14[2mms[22m[39m
[31m     [31m├ù[31m records opt-in when user answers 'sim' to unconsented block[39m[32m 2[2mms[22m[39m

ÔÄ»ÔÄ»ÔÄ»ÔÄ»ÔÄ»ÔÄ»ÔÄ» Failed Tests 4 ÔÄ»ÔÄ»ÔÄ»ÔÄ»ÔÄ»ÔÄ»ÔÄ»

 FAIL  src/app/api/webhook/__tests__/webhook.hardening.test.ts > POST /api/webhook ÔÇö webhook hardening > returns 200 even when event bus publish fails (non-blocking)
AssertionError: expected "vi.fn()" to be called with arguments: [ 'twilio', 'SM456' ]

Number of calls: 0

 ÔØ» src/app/api/webhook/__tests__/webhook.hardening.test.ts:334:54
    332|         expect(text).toContain("<Message>");
    333|         // Processing still completed ÔÇö markProcessed should have beenÔÇª
    334|         expect(webhookEventRepository.markProcessed).toHaveBeenCalledWÔÇª
       |                                                      ^
    335|     });
    336| 

ÔÄ»ÔÄ»ÔÄ»ÔÄ»ÔÄ»ÔÄ»ÔÄ»ÔÄ»ÔÄ»ÔÄ»ÔÄ»ÔÄ»ÔÄ»ÔÄ»ÔÄ»ÔÄ»ÔÄ»ÔÄ»ÔÄ»ÔÄ»ÔÄ»ÔÄ»ÔÄ»ÔÄ»[1/4]ÔÄ»

 FAIL  src/app/api/webhook/__tests__/webhook.hardening.test.ts > POST /api/webhook ÔÇö webhook hardening > deduplicates on webhook_events before reaching inbound dedup
AssertionError: expected "vi.fn()" to be called 1 times, but got 0 times
 ÔØ» src/app/api/webhook/__tests__/webhook.hardening.test.ts:352:50
    350|         expect(first.status).toBe(200);
    351|         expect(second.status).toBe(200);
    352|         expect(freightController.handleIncoming).toHaveBeenCalledTimesÔÇª
       |                                                  ^
    353|     });
    354| 

ÔÄ»ÔÄ»ÔÄ»ÔÄ»ÔÄ»ÔÄ»ÔÄ»ÔÄ»ÔÄ»ÔÄ»ÔÄ»ÔÄ»ÔÄ»ÔÄ»ÔÄ»ÔÄ»ÔÄ»ÔÄ»ÔÄ»ÔÄ»ÔÄ»ÔÄ»ÔÄ»ÔÄ»[2/4]ÔÄ»

 FAIL  src/app/api/webhook/__tests__/webhook.hardening.test.ts > POST /api/webhook ÔÇö webhook hardening > blocks ingestion and returns transactional phrase when consent is missing
AssertionError: expected '<?xml version="1.0" encoding="UTF-8"?ÔÇª' to contain 'Para continuar, confirme que aceita nÔÇª'

Expected: "Para continuar, confirme que aceita nossa pol"
Received: "<?xml version="1.0" encoding="UTF-8"?><Response><Message>Desculpe, ocorreu um erro. Tente novamente mais tarde.</Message></Response>"

 ÔØ» src/app/api/webhook/__tests__/webhook.hardening.test.ts:365:22
    363|         expect(res.status).toBe(200);
    364|         const text = await res.text();
    365|         expect(text).toContain("Para continuar, confirme que aceita noÔÇª
       |                      ^
    366|         expect(freightController.handleIncoming).not.toHaveBeenCalled(ÔÇª
    367|         expect(messageRepository.saveInboundMessage).toHaveBeenCalledWÔÇª

ÔÄ»ÔÄ»ÔÄ»ÔÄ»ÔÄ»ÔÄ»ÔÄ»ÔÄ»ÔÄ»ÔÄ»ÔÄ»ÔÄ»ÔÄ»ÔÄ»ÔÄ»ÔÄ»ÔÄ»ÔÄ»ÔÄ»ÔÄ»ÔÄ»ÔÄ»ÔÄ»ÔÄ»[3/4]ÔÄ»

 FAIL  src/app/api/webhook/__tests__/webhook.hardening.test.ts > POST /api/webhook ÔÇö webhook hardening > records opt-in when user answers 'sim' to unconsented block
AssertionError: expected "vi.fn()" to be called at least once
 ÔØ» src/app/api/webhook/__tests__/webhook.hardening.test.ts:382:54
    380| 
    381|         expect(res.status).toBe(200);
    382|         expect(endUserConsentRepository.recordOptIn).toHaveBeenCalled(ÔÇª
       |                                                      ^
    383|         expect(freightController.handleIncoming).toHaveBeenCalled();
    384|     });

ÔÄ»ÔÄ»ÔÄ»ÔÄ»ÔÄ»ÔÄ»ÔÄ»ÔÄ»ÔÄ»ÔÄ»ÔÄ»ÔÄ»ÔÄ»ÔÄ»ÔÄ»ÔÄ»ÔÄ»ÔÄ»ÔÄ»ÔÄ»ÔÄ»ÔÄ»ÔÄ»ÔÄ»[4/4]ÔÄ»


[2m Test Files [22m [1m[31m1 failed[39m[22m[90m (1)[39m
[2m      Tests [22m [1m[31m4 failed[39m[22m[2m | [22m[1m[32m7 passed[39m[22m[90m (11)[39m
[2m   Start at [22m 19:57:04
[2m   Duration [22m 1.83s[2m (transform 710ms, setup 0ms, import 1.26s, tests 353ms, environment 0ms)[22m

